{"level":"info","message":"Successfully : Connected to database!"}
{"level":"info","message":"Successfully : Connected to database!"}
{"err":{"extensions":{"code":"BAD_USER_INPUT"},"locations":[{"column":15,"line":1}],"message":"Variable \"$id\" of required type \"ID!\" was not provided."},"level":"error","message":"Error: Variable \"$id\" of required type \"ID!\" was not provided."}
{"err":{"extensions":{"code":"BAD_USER_INPUT"},"locations":[{"column":15,"line":1}],"message":"Variable \"$id\" of required type \"ID!\" was not provided."},"level":"error","message":"Error: Variable \"$id\" of required type \"ID!\" was not provided."}
{"err":{"extensions":{"code":"BAD_USER_INPUT"},"locations":[{"column":15,"line":1}],"message":"Variable \"$id\" of required type \"ID!\" was not provided."},"level":"error","message":"Error: Variable \"$id\" of required type \"ID!\" was not provided."}
{"err":{"extensions":{"code":"BAD_USER_INPUT"},"locations":[{"column":15,"line":1}],"message":"Variable \"$id\" of required type \"ID!\" was not provided."},"level":"error","message":"Error: Variable \"$id\" of required type \"ID!\" was not provided."}
{"err":{"extensions":{"code":"BAD_USER_INPUT"},"locations":[{"column":15,"line":1}],"message":"Variable \"$id\" of required type \"ID!\" was not provided."},"level":"error","message":"Error: Variable \"$id\" of required type \"ID!\" was not provided."}
{"err":{"extensions":{"code":"BAD_USER_INPUT"},"locations":[{"column":15,"line":1}],"message":"Variable \"$id\" of required type \"ID!\" was not provided."},"level":"error","message":"Error: Variable \"$id\" of required type \"ID!\" was not provided."}
{"err":{"extensions":{"code":"BAD_USER_INPUT"},"locations":[{"column":15,"line":1}],"message":"Variable \"$id\" of required type \"ID!\" was not provided."},"level":"error","message":"Error: Variable \"$id\" of required type \"ID!\" was not provided."}
{"err":{"extensions":{"code":"BAD_USER_INPUT"},"locations":[{"column":15,"line":1}],"message":"Variable \"$id\" of required type \"ID!\" was not provided."},"level":"error","message":"Error: Variable \"$id\" of required type \"ID!\" was not provided."}
{"err":{"extensions":{"code":"BAD_USER_INPUT"},"locations":[{"column":15,"line":1}],"message":"Variable \"$id\" of required type \"ID!\" was not provided."},"level":"error","message":"Error: Variable \"$id\" of required type \"ID!\" was not provided."}
{"err":{"extensions":{"code":"BAD_USER_INPUT"},"locations":[{"column":15,"line":1}],"message":"Variable \"$id\" of required type \"ID!\" was not provided."},"level":"error","message":"Error: Variable \"$id\" of required type \"ID!\" was not provided."}
{"err":{"extensions":{"code":"BAD_USER_INPUT"},"locations":[{"column":15,"line":1}],"message":"Variable \"$id\" of required type \"ID!\" was not provided."},"level":"error","message":"Error: Variable \"$id\" of required type \"ID!\" was not provided."}
{"err":{"extensions":{"code":"BAD_USER_INPUT"},"locations":[{"column":15,"line":1}],"message":"Variable \"$id\" of required type \"ID!\" was not provided."},"level":"error","message":"Error: Variable \"$id\" of required type \"ID!\" was not provided."}
{"err":{"extensions":{"code":"BAD_USER_INPUT"},"locations":[{"column":15,"line":1}],"message":"Variable \"$id\" of required type \"ID!\" was not provided."},"level":"error","message":"Error: Variable \"$id\" of required type \"ID!\" was not provided."}
{"err":{"extensions":{"code":"BAD_USER_INPUT"},"locations":[{"column":15,"line":1}],"message":"Variable \"$id\" of required type \"ID!\" was not provided."},"level":"error","message":"Error: Variable \"$id\" of required type \"ID!\" was not provided."}
{"err":{"extensions":{"code":"BAD_USER_INPUT"},"locations":[{"column":15,"line":1}],"message":"Variable \"$id\" of required type \"ID!\" was not provided."},"level":"error","message":"Error: Variable \"$id\" of required type \"ID!\" was not provided."}
{"err":{"extensions":{"code":"BAD_USER_INPUT"},"locations":[{"column":15,"line":1}],"message":"Variable \"$id\" of required type \"ID!\" was not provided."},"level":"error","message":"Error: Variable \"$id\" of required type \"ID!\" was not provided."}
{"err":{"extensions":{"code":"BAD_USER_INPUT"},"locations":[{"column":15,"line":1}],"message":"Variable \"$id\" of required type \"ID!\" was not provided."},"level":"error","message":"Error: Variable \"$id\" of required type \"ID!\" was not provided."}
{"err":{"extensions":{"code":"BAD_USER_INPUT"},"locations":[{"column":15,"line":1}],"message":"Variable \"$id\" of required type \"ID!\" was not provided."},"level":"error","message":"Error: Variable \"$id\" of required type \"ID!\" was not provided."}
{"err":{"extensions":{"code":"BAD_USER_INPUT"},"locations":[{"column":15,"line":1}],"message":"Variable \"$id\" of required type \"ID!\" was not provided."},"level":"error","message":"Error: Variable \"$id\" of required type \"ID!\" was not provided."}
{"err":{"extensions":{"code":"BAD_USER_INPUT"},"locations":[{"column":15,"line":1}],"message":"Variable \"$id\" of required type \"ID!\" was not provided."},"level":"error","message":"Error: Variable \"$id\" of required type \"ID!\" was not provided."}
{"err":{"extensions":{"code":"BAD_USER_INPUT"},"locations":[{"column":15,"line":1}],"message":"Variable \"$id\" of required type \"ID!\" was not provided."},"level":"error","message":"Error: Variable \"$id\" of required type \"ID!\" was not provided."}
{"err":{"extensions":{"code":"BAD_USER_INPUT"},"locations":[{"column":15,"line":1}],"message":"Variable \"$id\" of required type \"ID!\" was not provided."},"level":"error","message":"Error: Variable \"$id\" of required type \"ID!\" was not provided."}
{"err":{"extensions":{"code":"BAD_USER_INPUT"},"locations":[{"column":15,"line":1}],"message":"Variable \"$id\" of required type \"ID!\" was not provided."},"level":"error","message":"Error: Variable \"$id\" of required type \"ID!\" was not provided."}
{"err":{"extensions":{"code":"BAD_USER_INPUT"},"locations":[{"column":15,"line":1}],"message":"Variable \"$id\" of required type \"ID!\" was not provided."},"level":"error","message":"Error: Variable \"$id\" of required type \"ID!\" was not provided."}
{"err":{"extensions":{"code":"BAD_USER_INPUT"},"locations":[{"column":15,"line":1}],"message":"Variable \"$id\" of required type \"ID!\" was not provided."},"level":"error","message":"Error: Variable \"$id\" of required type \"ID!\" was not provided."}
{"err":{"extensions":{"code":"BAD_USER_INPUT"},"locations":[{"column":15,"line":1}],"message":"Variable \"$id\" of required type \"ID!\" was not provided."},"level":"error","message":"Error: Variable \"$id\" of required type \"ID!\" was not provided."}
{"err":{"extensions":{"code":"BAD_USER_INPUT"},"locations":[{"column":15,"line":1}],"message":"Variable \"$id\" of required type \"ID!\" was not provided."},"level":"error","message":"Error: Variable \"$id\" of required type \"ID!\" was not provided."}
{"err":{"extensions":{"code":"BAD_USER_INPUT"},"locations":[{"column":15,"line":1}],"message":"Variable \"$id\" of required type \"ID!\" was not provided."},"level":"error","message":"Error: Variable \"$id\" of required type \"ID!\" was not provided."}
{"err":{"extensions":{"code":"BAD_USER_INPUT"},"locations":[{"column":15,"line":1}],"message":"Variable \"$id\" of required type \"ID!\" was not provided."},"level":"error","message":"Error: Variable \"$id\" of required type \"ID!\" was not provided."}
{"err":{"extensions":{"code":"BAD_USER_INPUT"},"locations":[{"column":15,"line":1}],"message":"Variable \"$id\" of required type \"ID!\" was not provided."},"level":"error","message":"Error: Variable \"$id\" of required type \"ID!\" was not provided."}
{"err":{"extensions":{"code":"BAD_USER_INPUT"},"locations":[{"column":15,"line":1}],"message":"Variable \"$id\" of required type \"ID!\" was not provided."},"level":"error","message":"Error: Variable \"$id\" of required type \"ID!\" was not provided."}
{"err":{"extensions":{"code":"BAD_USER_INPUT"},"locations":[{"column":15,"line":1}],"message":"Variable \"$id\" of required type \"ID!\" was not provided."},"level":"error","message":"Error: Variable \"$id\" of required type \"ID!\" was not provided."}
{"err":{"extensions":{"code":"BAD_USER_INPUT"},"locations":[{"column":15,"line":1}],"message":"Variable \"$id\" of required type \"ID!\" was not provided."},"level":"error","message":"Error: Variable \"$id\" of required type \"ID!\" was not provided."}
{"err":{"extensions":{"code":"BAD_USER_INPUT"},"locations":[{"column":15,"line":1}],"message":"Variable \"$id\" of required type \"ID!\" was not provided."},"level":"error","message":"Error: Variable \"$id\" of required type \"ID!\" was not provided."}
{"err":{"extensions":{"code":"BAD_USER_INPUT"},"locations":[{"column":15,"line":1}],"message":"Variable \"$id\" of required type \"ID!\" was not provided."},"level":"error","message":"Error: Variable \"$id\" of required type \"ID!\" was not provided."}
{"err":{"extensions":{"code":"BAD_USER_INPUT"},"locations":[{"column":15,"line":1}],"message":"Variable \"$id\" of required type \"ID!\" was not provided."},"level":"error","message":"Error: Variable \"$id\" of required type \"ID!\" was not provided."}
{"err":{"extensions":{"code":"BAD_USER_INPUT"},"locations":[{"column":15,"line":1}],"message":"Variable \"$id\" of required type \"ID!\" was not provided."},"level":"error","message":"Error: Variable \"$id\" of required type \"ID!\" was not provided."}
{"level":"info","message":"Successfully : Connected to database!"}
{"level":"info","message":"Successfully : Connected to database!"}
{"level":"info","message":"Successfully : Connected to database!"}
{"err":{"extensions":{"code":"BAD_USER_INPUT"},"locations":[{"column":15,"line":1}],"message":"Variable \"$id\" of required type \"ID!\" was not provided."},"level":"error","message":"Error: Variable \"$id\" of required type \"ID!\" was not provided."}
{"err":{"extensions":{"code":"BAD_USER_INPUT"},"locations":[{"column":15,"line":1}],"message":"Variable \"$id\" of required type \"ID!\" was not provided."},"level":"error","message":"Error: Variable \"$id\" of required type \"ID!\" was not provided."}
{"err":{"extensions":{"code":"BAD_USER_INPUT"},"locations":[{"column":15,"line":1}],"message":"Variable \"$id\" of required type \"ID!\" was not provided."},"level":"error","message":"Error: Variable \"$id\" of required type \"ID!\" was not provided."}
{"err":{"extensions":{"code":"BAD_USER_INPUT"},"locations":[{"column":15,"line":1}],"message":"Variable \"$id\" of required type \"ID!\" was not provided."},"level":"error","message":"Error: Variable \"$id\" of required type \"ID!\" was not provided."}
{"err":{"extensions":{"code":"BAD_USER_INPUT"},"locations":[{"column":15,"line":1}],"message":"Variable \"$id\" of required type \"ID!\" was not provided."},"level":"error","message":"Error: Variable \"$id\" of required type \"ID!\" was not provided."}
{"err":{"extensions":{"code":"BAD_USER_INPUT"},"locations":[{"column":15,"line":1}],"message":"Variable \"$id\" of required type \"ID!\" was not provided."},"level":"error","message":"Error: Variable \"$id\" of required type \"ID!\" was not provided."}
{"err":{"extensions":{"code":"BAD_USER_INPUT"},"locations":[{"column":15,"line":1}],"message":"Variable \"$id\" of required type \"ID!\" was not provided."},"level":"error","message":"Error: Variable \"$id\" of required type \"ID!\" was not provided."}
{"err":{"extensions":{"code":"BAD_USER_INPUT"},"locations":[{"column":15,"line":1}],"message":"Variable \"$id\" of required type \"ID!\" was not provided."},"level":"error","message":"Error: Variable \"$id\" of required type \"ID!\" was not provided."}
{"err":{"extensions":{"code":"BAD_USER_INPUT"},"locations":[{"column":15,"line":1}],"message":"Variable \"$id\" of required type \"ID!\" was not provided."},"level":"error","message":"Error: Variable \"$id\" of required type \"ID!\" was not provided."}
{"err":{"extensions":{"code":"BAD_USER_INPUT"},"locations":[{"column":15,"line":1}],"message":"Variable \"$id\" of required type \"ID!\" was not provided."},"level":"error","message":"Error: Variable \"$id\" of required type \"ID!\" was not provided."}
{"err":{"extensions":{"code":"BAD_USER_INPUT"},"locations":[{"column":15,"line":1}],"message":"Variable \"$id\" of required type \"ID!\" was not provided."},"level":"error","message":"Error: Variable \"$id\" of required type \"ID!\" was not provided."}
{"err":{"extensions":{"code":"BAD_USER_INPUT"},"locations":[{"column":15,"line":1}],"message":"Variable \"$id\" of required type \"ID!\" was not provided."},"level":"error","message":"Error: Variable \"$id\" of required type \"ID!\" was not provided."}
{"err":{"extensions":{"code":"BAD_USER_INPUT"},"locations":[{"column":15,"line":1}],"message":"Variable \"$id\" of required type \"ID!\" was not provided."},"level":"error","message":"Error: Variable \"$id\" of required type \"ID!\" was not provided."}
{"err":{"extensions":{"code":"BAD_USER_INPUT"},"locations":[{"column":15,"line":1}],"message":"Variable \"$id\" of required type \"ID!\" was not provided."},"level":"error","message":"Error: Variable \"$id\" of required type \"ID!\" was not provided."}
{"err":{"extensions":{"code":"BAD_USER_INPUT"},"locations":[{"column":15,"line":1}],"message":"Variable \"$id\" of required type \"ID!\" was not provided."},"level":"error","message":"Error: Variable \"$id\" of required type \"ID!\" was not provided."}
{"err":{"extensions":{"code":"BAD_USER_INPUT"},"locations":[{"column":15,"line":1}],"message":"Variable \"$id\" of required type \"ID!\" was not provided."},"level":"error","message":"Error: Variable \"$id\" of required type \"ID!\" was not provided."}
{"err":{"extensions":{"code":"BAD_USER_INPUT"},"locations":[{"column":15,"line":1}],"message":"Variable \"$id\" of required type \"ID!\" was not provided."},"level":"error","message":"Error: Variable \"$id\" of required type \"ID!\" was not provided."}
{"err":{"extensions":{"code":"BAD_USER_INPUT"},"locations":[{"column":15,"line":1}],"message":"Variable \"$id\" of required type \"ID!\" was not provided."},"level":"error","message":"Error: Variable \"$id\" of required type \"ID!\" was not provided."}
{"err":{"extensions":{"code":"BAD_USER_INPUT"},"locations":[{"column":15,"line":1}],"message":"Variable \"$id\" of required type \"ID!\" was not provided."},"level":"error","message":"Error: Variable \"$id\" of required type \"ID!\" was not provided."}
{"err":{"extensions":{"code":"BAD_USER_INPUT"},"locations":[{"column":15,"line":1}],"message":"Variable \"$id\" of required type \"ID!\" was not provided."},"level":"error","message":"Error: Variable \"$id\" of required type \"ID!\" was not provided."}
{"err":{"extensions":{"code":"BAD_USER_INPUT"},"locations":[{"column":15,"line":1}],"message":"Variable \"$id\" of required type \"ID!\" was not provided."},"level":"error","message":"Error: Variable \"$id\" of required type \"ID!\" was not provided."}
{"err":{"extensions":{"code":"BAD_USER_INPUT"},"locations":[{"column":15,"line":1}],"message":"Variable \"$id\" of required type \"ID!\" was not provided."},"level":"error","message":"Error: Variable \"$id\" of required type \"ID!\" was not provided."}
{"err":{"extensions":{"code":"BAD_USER_INPUT"},"locations":[{"column":15,"line":1}],"message":"Variable \"$id\" of required type \"ID!\" was not provided."},"level":"error","message":"Error: Variable \"$id\" of required type \"ID!\" was not provided."}
{"err":{"extensions":{"code":"BAD_USER_INPUT"},"locations":[{"column":15,"line":1}],"message":"Variable \"$id\" of required type \"ID!\" was not provided."},"level":"error","message":"Error: Variable \"$id\" of required type \"ID!\" was not provided."}
{"err":{"extensions":{"code":"BAD_USER_INPUT"},"locations":[{"column":15,"line":1}],"message":"Variable \"$id\" of required type \"ID!\" was not provided."},"level":"error","message":"Error: Variable \"$id\" of required type \"ID!\" was not provided."}
{"err":{"extensions":{"code":"BAD_USER_INPUT"},"locations":[{"column":15,"line":1}],"message":"Variable \"$id\" of required type \"ID!\" was not provided."},"level":"error","message":"Error: Variable \"$id\" of required type \"ID!\" was not provided."}
{"err":{"extensions":{"code":"BAD_USER_INPUT"},"locations":[{"column":15,"line":1}],"message":"Variable \"$id\" of required type \"ID!\" was not provided."},"level":"error","message":"Error: Variable \"$id\" of required type \"ID!\" was not provided."}
{"err":{"extensions":{"code":"BAD_USER_INPUT"},"locations":[{"column":15,"line":1}],"message":"Variable \"$id\" of required type \"ID!\" was not provided."},"level":"error","message":"Error: Variable \"$id\" of required type \"ID!\" was not provided."}
{"err":{"extensions":{"code":"BAD_USER_INPUT"},"locations":[{"column":15,"line":1}],"message":"Variable \"$id\" of required type \"ID!\" was not provided."},"level":"error","message":"Error: Variable \"$id\" of required type \"ID!\" was not provided."}
{"err":{"extensions":{"code":"BAD_USER_INPUT"},"locations":[{"column":15,"line":1}],"message":"Variable \"$id\" of required type \"ID!\" was not provided."},"level":"error","message":"Error: Variable \"$id\" of required type \"ID!\" was not provided."}
{"err":{"extensions":{"code":"BAD_USER_INPUT"},"locations":[{"column":15,"line":1}],"message":"Variable \"$id\" of required type \"ID!\" was not provided."},"level":"error","message":"Error: Variable \"$id\" of required type \"ID!\" was not provided."}
{"err":{"extensions":{"code":"BAD_USER_INPUT"},"locations":[{"column":15,"line":1}],"message":"Variable \"$id\" of required type \"ID!\" was not provided."},"level":"error","message":"Error: Variable \"$id\" of required type \"ID!\" was not provided."}
{"err":{"extensions":{"code":"BAD_USER_INPUT"},"locations":[{"column":15,"line":1}],"message":"Variable \"$id\" of required type \"ID!\" was not provided."},"level":"error","message":"Error: Variable \"$id\" of required type \"ID!\" was not provided."}
{"err":{"extensions":{"code":"BAD_USER_INPUT"},"locations":[{"column":15,"line":1}],"message":"Variable \"$id\" of required type \"ID!\" was not provided."},"level":"error","message":"Error: Variable \"$id\" of required type \"ID!\" was not provided."}
{"err":{"extensions":{"code":"BAD_USER_INPUT"},"locations":[{"column":15,"line":1}],"message":"Variable \"$id\" of required type \"ID!\" was not provided."},"level":"error","message":"Error: Variable \"$id\" of required type \"ID!\" was not provided."}
{"err":{"extensions":{"code":"BAD_USER_INPUT"},"locations":[{"column":15,"line":1}],"message":"Variable \"$id\" of required type \"ID!\" was not provided."},"level":"error","message":"Error: Variable \"$id\" of required type \"ID!\" was not provided."}
{"err":{"extensions":{"code":"BAD_USER_INPUT"},"locations":[{"column":15,"line":1}],"message":"Variable \"$id\" of required type \"ID!\" was not provided."},"level":"error","message":"Error: Variable \"$id\" of required type \"ID!\" was not provided."}
{"err":{"extensions":{"code":"BAD_USER_INPUT"},"locations":[{"column":15,"line":1}],"message":"Variable \"$id\" of required type \"ID!\" was not provided."},"level":"error","message":"Error: Variable \"$id\" of required type \"ID!\" was not provided."}
{"err":{"extensions":{"code":"BAD_USER_INPUT"},"locations":[{"column":15,"line":1}],"message":"Variable \"$id\" of required type \"ID!\" was not provided."},"level":"error","message":"Error: Variable \"$id\" of required type \"ID!\" was not provided."}
{"err":{"extensions":{"code":"BAD_USER_INPUT"},"locations":[{"column":15,"line":1}],"message":"Variable \"$id\" of required type \"ID!\" was not provided."},"level":"error","message":"Error: Variable \"$id\" of required type \"ID!\" was not provided."}
{"err":{"extensions":{"code":"BAD_USER_INPUT"},"locations":[{"column":15,"line":1}],"message":"Variable \"$id\" of required type \"ID!\" was not provided."},"level":"error","message":"Error: Variable \"$id\" of required type \"ID!\" was not provided."}
{"err":{"extensions":{"code":"BAD_USER_INPUT"},"locations":[{"column":15,"line":1}],"message":"Variable \"$id\" of required type \"ID!\" was not provided."},"level":"error","message":"Error: Variable \"$id\" of required type \"ID!\" was not provided."}
{"err":{"extensions":{"code":"BAD_USER_INPUT"},"locations":[{"column":15,"line":1}],"message":"Variable \"$id\" of required type \"ID!\" was not provided."},"level":"error","message":"Error: Variable \"$id\" of required type \"ID!\" was not provided."}
{"err":{"extensions":{"code":"BAD_USER_INPUT"},"locations":[{"column":15,"line":1}],"message":"Variable \"$id\" of required type \"ID!\" was not provided."},"level":"error","message":"Error: Variable \"$id\" of required type \"ID!\" was not provided."}
{"err":{"extensions":{"code":"BAD_USER_INPUT"},"locations":[{"column":15,"line":1}],"message":"Variable \"$id\" of required type \"ID!\" was not provided."},"level":"error","message":"Error: Variable \"$id\" of required type \"ID!\" was not provided."}
{"err":{"extensions":{"code":"BAD_USER_INPUT"},"locations":[{"column":15,"line":1}],"message":"Variable \"$id\" of required type \"ID!\" was not provided."},"level":"error","message":"Error: Variable \"$id\" of required type \"ID!\" was not provided."}
{"err":{"extensions":{"code":"BAD_USER_INPUT"},"locations":[{"column":15,"line":1}],"message":"Variable \"$id\" of required type \"ID!\" was not provided."},"level":"error","message":"Error: Variable \"$id\" of required type \"ID!\" was not provided."}
{"err":{"extensions":{"code":"BAD_USER_INPUT"},"locations":[{"column":15,"line":1}],"message":"Variable \"$id\" of required type \"ID!\" was not provided."},"level":"error","message":"Error: Variable \"$id\" of required type \"ID!\" was not provided."}
{"err":{"extensions":{"code":"BAD_USER_INPUT"},"locations":[{"column":15,"line":1}],"message":"Variable \"$id\" of required type \"ID!\" was not provided."},"level":"error","message":"Error: Variable \"$id\" of required type \"ID!\" was not provided."}
{"err":{"extensions":{"code":"BAD_USER_INPUT"},"locations":[{"column":15,"line":1}],"message":"Variable \"$id\" of required type \"ID!\" was not provided."},"level":"error","message":"Error: Variable \"$id\" of required type \"ID!\" was not provided."}
{"err":{"extensions":{"code":"BAD_USER_INPUT"},"locations":[{"column":15,"line":1}],"message":"Variable \"$id\" of required type \"ID!\" was not provided."},"level":"error","message":"Error: Variable \"$id\" of required type \"ID!\" was not provided."}
{"err":{"extensions":{"code":"BAD_USER_INPUT"},"locations":[{"column":15,"line":1}],"message":"Variable \"$id\" of required type \"ID!\" was not provided."},"level":"error","message":"Error: Variable \"$id\" of required type \"ID!\" was not provided."}
{"err":{"extensions":{"code":"BAD_USER_INPUT"},"locations":[{"column":15,"line":1}],"message":"Variable \"$id\" of required type \"ID!\" was not provided."},"level":"error","message":"Error: Variable \"$id\" of required type \"ID!\" was not provided."}
{"err":{"extensions":{"code":"BAD_USER_INPUT"},"locations":[{"column":15,"line":1}],"message":"Variable \"$id\" of required type \"ID!\" was not provided."},"level":"error","message":"Error: Variable \"$id\" of required type \"ID!\" was not provided."}
{"err":{"extensions":{"code":"BAD_USER_INPUT"},"locations":[{"column":15,"line":1}],"message":"Variable \"$id\" of required type \"ID!\" was not provided."},"level":"error","message":"Error: Variable \"$id\" of required type \"ID!\" was not provided."}
{"err":{"extensions":{"code":"BAD_USER_INPUT"},"locations":[{"column":15,"line":1}],"message":"Variable \"$id\" of required type \"ID!\" was not provided."},"level":"error","message":"Error: Variable \"$id\" of required type \"ID!\" was not provided."}
{"err":{"extensions":{"code":"BAD_USER_INPUT"},"locations":[{"column":15,"line":1}],"message":"Variable \"$id\" of required type \"ID!\" was not provided."},"level":"error","message":"Error: Variable \"$id\" of required type \"ID!\" was not provided."}
{"err":{"extensions":{"code":"BAD_USER_INPUT"},"locations":[{"column":15,"line":1}],"message":"Variable \"$id\" of required type \"ID!\" was not provided."},"level":"error","message":"Error: Variable \"$id\" of required type \"ID!\" was not provided."}
{"err":{"extensions":{"code":"BAD_USER_INPUT"},"locations":[{"column":15,"line":1}],"message":"Variable \"$id\" of required type \"ID!\" was not provided."},"level":"error","message":"Error: Variable \"$id\" of required type \"ID!\" was not provided."}
{"level":"info","message":"Successfully : Connected to database!"}
{"level":"info","message":"Successfully : Connected to database!"}
{"err":{"extensions":{"code":"BAD_USER_INPUT"},"locations":[{"column":15,"line":1}],"message":"Variable \"$id\" of required type \"ID!\" was not provided."},"level":"error","message":"Error: Variable \"$id\" of required type \"ID!\" was not provided."}
{"level":"info","message":"Successfully : Connected to database!"}
{"level":"info","message":"Successfully : Connected to database!"}
{"err":{"extensions":{"code":"ERROR","description":{}},"locations":[{"column":3,"line":2}],"message":"ValidationError: current.vat: Cast to Number failed for value \"[ 2 ]\" (type Array) at path \"current.vat\"","path":["product"]},"level":"error","message":"Error: ValidationError: current.vat: Cast to Number failed for value \"[ 2 ]\" (type Array) at path \"current.vat\""}
{"err":{"extensions":{"code":"ERROR","description":{}},"locations":[{"column":3,"line":2}],"message":"ValidationError: current.vat: Cast to Number failed for value \"[ 1 ]\" (type Array) at path \"current.vat\"","path":["product"]},"level":"error","message":"Error: ValidationError: current.vat: Cast to Number failed for value \"[ 1 ]\" (type Array) at path \"current.vat\""}
{"err":{"extensions":{"code":"ERROR","description":{}},"locations":[{"column":3,"line":2}],"message":"ValidationError: current.vat: Cast to Number failed for value \"[ 0 ]\" (type Array) at path \"current.vat\"","path":["product"]},"level":"error","message":"Error: ValidationError: current.vat: Cast to Number failed for value \"[ 0 ]\" (type Array) at path \"current.vat\""}
{"err":{"extensions":{"code":"ERROR","description":{}},"locations":[{"column":3,"line":2}],"message":"ValidationError: current.vat: Cast to Number failed for value \"[ 1 ]\" (type Array) at path \"current.vat\"","path":["product"]},"level":"error","message":"Error: ValidationError: current.vat: Cast to Number failed for value \"[ 1 ]\" (type Array) at path \"current.vat\""}
{"err":{"extensions":{"code":"ERROR","description":{}},"locations":[{"column":3,"line":2}],"message":"ValidationError: current.vat: Cast to Number failed for value \"[ 1 ]\" (type Array) at path \"current.vat\"","path":["product"]},"level":"error","message":"Error: ValidationError: current.vat: Cast to Number failed for value \"[ 1 ]\" (type Array) at path \"current.vat\""}
{"err":{"extensions":{"code":"ERROR","description":{}},"locations":[{"column":3,"line":2}],"message":"ValidationError: current.vat: Cast to Number failed for value \"[ 1 ]\" (type Array) at path \"current.vat\"","path":["product"]},"level":"error","message":"Error: ValidationError: current.vat: Cast to Number failed for value \"[ 1 ]\" (type Array) at path \"current.vat\""}
{"err":{"extensions":{"code":"ERROR","description":{}},"locations":[{"column":3,"line":2}],"message":"ValidationError: current.vat: Cast to Number failed for value \"[ 2 ]\" (type Array) at path \"current.vat\"","path":["product"]},"level":"error","message":"Error: ValidationError: current.vat: Cast to Number failed for value \"[ 2 ]\" (type Array) at path \"current.vat\""}
{"err":{"extensions":{"code":"ERROR","description":{}},"locations":[{"column":3,"line":2}],"message":"ValidationError: current.vat: Cast to Number failed for value \"[ 1 ]\" (type Array) at path \"current.vat\"","path":["product"]},"level":"error","message":"Error: ValidationError: current.vat: Cast to Number failed for value \"[ 1 ]\" (type Array) at path \"current.vat\""}
{"err":{"extensions":{"code":"ERROR","description":{}},"locations":[{"column":3,"line":2}],"message":"ValidationError: current.vat: Cast to Number failed for value \"[ 2 ]\" (type Array) at path \"current.vat\"","path":["product"]},"level":"error","message":"Error: ValidationError: current.vat: Cast to Number failed for value \"[ 2 ]\" (type Array) at path \"current.vat\""}
{"err":{"extensions":{"code":"ERROR","description":{}},"locations":[{"column":3,"line":2}],"message":"ValidationError: current.vat: Cast to Number failed for value \"[ 1 ]\" (type Array) at path \"current.vat\"","path":["product"]},"level":"error","message":"Error: ValidationError: current.vat: Cast to Number failed for value \"[ 1 ]\" (type Array) at path \"current.vat\""}
{"err":{"extensions":{"code":"ERROR","description":{}},"locations":[{"column":3,"line":2}],"message":"ValidationError: current.vat: `0` is not a valid enum value for path `current.vat`.","path":["product"]},"level":"error","message":"Error: ValidationError: current.vat: `0` is not a valid enum value for path `current.vat`."}
{"err":{"extensions":{"code":"ERROR","description":{}},"locations":[{"column":3,"line":2}],"message":"ValidationError: current.vat: `0` is not a valid enum value for path `current.vat`.","path":["product"]},"level":"error","message":"Error: ValidationError: current.vat: `0` is not a valid enum value for path `current.vat`."}
{"err":{"extensions":{"code":"ERROR","description":{}},"locations":[{"column":3,"line":2}],"message":"ValidationError: current.vat: `0` is not a valid enum value for path `current.vat`.","path":["product"]},"level":"error","message":"Error: ValidationError: current.vat: `0` is not a valid enum value for path `current.vat`."}
{"err":{"extensions":{"code":"ERROR","description":{}},"locations":[{"column":3,"line":2}],"message":"ValidationError: current.vat: `0` is not a valid enum value for path `current.vat`.","path":["product"]},"level":"error","message":"Error: ValidationError: current.vat: `0` is not a valid enum value for path `current.vat`."}
{"level":"info","message":"Successfully : Connected to database!"}
{"err":{"extensions":{"code":"BAD_USER_INPUT"},"locations":[{"column":15,"line":1}],"message":"Variable \"$id\" of required type \"ID!\" was not provided."},"level":"error","message":"Error: Variable \"$id\" of required type \"ID!\" was not provided."}
{"err":{"extensions":{"code":"BAD_USER_INPUT"},"locations":[{"column":15,"line":1}],"message":"Variable \"$id\" of required type \"ID!\" was not provided."},"level":"error","message":"Error: Variable \"$id\" of required type \"ID!\" was not provided."}
{"err":{"extensions":{"code":"BAD_USER_INPUT"},"locations":[{"column":15,"line":1}],"message":"Variable \"$id\" of required type \"ID!\" was not provided."},"level":"error","message":"Error: Variable \"$id\" of required type \"ID!\" was not provided."}
{"err":{"extensions":{"code":"BAD_USER_INPUT"},"locations":[{"column":15,"line":1}],"message":"Variable \"$id\" of required type \"ID!\" was not provided."},"level":"error","message":"Error: Variable \"$id\" of required type \"ID!\" was not provided."}
{"err":{"extensions":{"code":"BAD_USER_INPUT"},"locations":[{"column":15,"line":1}],"message":"Variable \"$id\" of required type \"ID!\" was not provided."},"level":"error","message":"Error: Variable \"$id\" of required type \"ID!\" was not provided."}
{"err":{"extensions":{"code":"BAD_USER_INPUT"},"locations":[{"column":15,"line":1}],"message":"Variable \"$id\" of required type \"ID!\" was not provided."},"level":"error","message":"Error: Variable \"$id\" of required type \"ID!\" was not provided."}
{"err":{"extensions":{"code":"BAD_USER_INPUT"},"locations":[{"column":15,"line":1}],"message":"Variable \"$id\" of required type \"ID!\" was not provided."},"level":"error","message":"Error: Variable \"$id\" of required type \"ID!\" was not provided."}
{"err":{"extensions":{"code":"BAD_USER_INPUT"},"locations":[{"column":15,"line":1}],"message":"Variable \"$id\" of required type \"ID!\" was not provided."},"level":"error","message":"Error: Variable \"$id\" of required type \"ID!\" was not provided."}
{"err":{"extensions":{"code":"BAD_USER_INPUT"},"locations":[{"column":15,"line":1}],"message":"Variable \"$id\" of required type \"ID!\" was not provided."},"level":"error","message":"Error: Variable \"$id\" of required type \"ID!\" was not provided."}
{"err":{"extensions":{"code":"BAD_USER_INPUT"},"locations":[{"column":15,"line":1}],"message":"Variable \"$id\" of required type \"ID!\" was not provided."},"level":"error","message":"Error: Variable \"$id\" of required type \"ID!\" was not provided."}
{"err":{"extensions":{"code":"BAD_USER_INPUT"},"locations":[{"column":15,"line":1}],"message":"Variable \"$id\" of required type \"ID!\" was not provided."},"level":"error","message":"Error: Variable \"$id\" of required type \"ID!\" was not provided."}
{"err":{"extensions":{"code":"BAD_USER_INPUT"},"locations":[{"column":15,"line":1}],"message":"Variable \"$id\" of required type \"ID!\" was not provided."},"level":"error","message":"Error: Variable \"$id\" of required type \"ID!\" was not provided."}
{"err":{"extensions":{"code":"BAD_USER_INPUT"},"locations":[{"column":15,"line":1}],"message":"Variable \"$id\" of required type \"ID!\" was not provided."},"level":"error","message":"Error: Variable \"$id\" of required type \"ID!\" was not provided."}
{"err":{"extensions":{"code":"BAD_USER_INPUT"},"locations":[{"column":15,"line":1}],"message":"Variable \"$id\" of required type \"ID!\" was not provided."},"level":"error","message":"Error: Variable \"$id\" of required type \"ID!\" was not provided."}
{"err":{"extensions":{"code":"BAD_USER_INPUT"},"locations":[{"column":15,"line":1}],"message":"Variable \"$id\" of required type \"ID!\" was not provided."},"level":"error","message":"Error: Variable \"$id\" of required type \"ID!\" was not provided."}
{"err":{"extensions":{"code":"BAD_USER_INPUT"},"locations":[{"column":15,"line":1}],"message":"Variable \"$id\" of required type \"ID!\" was not provided."},"level":"error","message":"Error: Variable \"$id\" of required type \"ID!\" was not provided."}
{"err":{"extensions":{"code":"BAD_USER_INPUT"},"locations":[{"column":15,"line":1}],"message":"Variable \"$id\" of required type \"ID!\" was not provided."},"level":"error","message":"Error: Variable \"$id\" of required type \"ID!\" was not provided."}
{"err":{"extensions":{"code":"BAD_USER_INPUT"},"locations":[{"column":15,"line":1}],"message":"Variable \"$id\" of required type \"ID!\" was not provided."},"level":"error","message":"Error: Variable \"$id\" of required type \"ID!\" was not provided."}
{"err":{"extensions":{"code":"BAD_USER_INPUT"},"locations":[{"column":15,"line":1}],"message":"Variable \"$id\" of required type \"ID!\" was not provided."},"level":"error","message":"Error: Variable \"$id\" of required type \"ID!\" was not provided."}
{"err":{"extensions":{"code":"BAD_USER_INPUT"},"locations":[{"column":15,"line":1}],"message":"Variable \"$id\" of required type \"ID!\" was not provided."},"level":"error","message":"Error: Variable \"$id\" of required type \"ID!\" was not provided."}
{"err":{"extensions":{"code":"BAD_USER_INPUT"},"locations":[{"column":15,"line":1}],"message":"Variable \"$id\" of required type \"ID!\" was not provided."},"level":"error","message":"Error: Variable \"$id\" of required type \"ID!\" was not provided."}
{"err":{"extensions":{"code":"BAD_USER_INPUT"},"locations":[{"column":15,"line":1}],"message":"Variable \"$id\" of required type \"ID!\" was not provided."},"level":"error","message":"Error: Variable \"$id\" of required type \"ID!\" was not provided."}
{"err":{"extensions":{"code":"BAD_USER_INPUT"},"locations":[{"column":15,"line":1}],"message":"Variable \"$id\" of required type \"ID!\" was not provided."},"level":"error","message":"Error: Variable \"$id\" of required type \"ID!\" was not provided."}
{"err":{"extensions":{"code":"BAD_USER_INPUT"},"locations":[{"column":15,"line":1}],"message":"Variable \"$id\" of required type \"ID!\" was not provided."},"level":"error","message":"Error: Variable \"$id\" of required type \"ID!\" was not provided."}
{"err":{"extensions":{"code":"BAD_USER_INPUT"},"locations":[{"column":15,"line":1}],"message":"Variable \"$id\" of required type \"ID!\" was not provided."},"level":"error","message":"Error: Variable \"$id\" of required type \"ID!\" was not provided."}
{"err":{"extensions":{"code":"BAD_USER_INPUT"},"locations":[{"column":15,"line":1}],"message":"Variable \"$id\" of required type \"ID!\" was not provided."},"level":"error","message":"Error: Variable \"$id\" of required type \"ID!\" was not provided."}
{"err":{"extensions":{"code":"BAD_USER_INPUT"},"locations":[{"column":15,"line":1}],"message":"Variable \"$id\" of required type \"ID!\" was not provided."},"level":"error","message":"Error: Variable \"$id\" of required type \"ID!\" was not provided."}
{"err":{"extensions":{"code":"BAD_USER_INPUT"},"locations":[{"column":15,"line":1}],"message":"Variable \"$id\" of required type \"ID!\" was not provided."},"level":"error","message":"Error: Variable \"$id\" of required type \"ID!\" was not provided."}
{"err":{"extensions":{"code":"BAD_USER_INPUT"},"locations":[{"column":15,"line":1}],"message":"Variable \"$id\" of required type \"ID!\" was not provided."},"level":"error","message":"Error: Variable \"$id\" of required type \"ID!\" was not provided."}
{"err":{"extensions":{"code":"BAD_USER_INPUT"},"locations":[{"column":15,"line":1}],"message":"Variable \"$id\" of required type \"ID!\" was not provided."},"level":"error","message":"Error: Variable \"$id\" of required type \"ID!\" was not provided."}
{"err":{"extensions":{"code":"BAD_USER_INPUT"},"locations":[{"column":15,"line":1}],"message":"Variable \"$id\" of required type \"ID!\" was not provided."},"level":"error","message":"Error: Variable \"$id\" of required type \"ID!\" was not provided."}
{"err":{"extensions":{"code":"BAD_USER_INPUT"},"locations":[{"column":15,"line":1}],"message":"Variable \"$id\" of required type \"ID!\" was not provided."},"level":"error","message":"Error: Variable \"$id\" of required type \"ID!\" was not provided."}
{"err":{"extensions":{"code":"BAD_USER_INPUT"},"locations":[{"column":15,"line":1}],"message":"Variable \"$id\" of required type \"ID!\" was not provided."},"level":"error","message":"Error: Variable \"$id\" of required type \"ID!\" was not provided."}
{"err":{"extensions":{"code":"BAD_USER_INPUT"},"locations":[{"column":15,"line":1}],"message":"Variable \"$id\" of required type \"ID!\" was not provided."},"level":"error","message":"Error: Variable \"$id\" of required type \"ID!\" was not provided."}
{"err":{"extensions":{"code":"BAD_USER_INPUT"},"locations":[{"column":15,"line":1}],"message":"Variable \"$id\" of required type \"ID!\" was not provided."},"level":"error","message":"Error: Variable \"$id\" of required type \"ID!\" was not provided."}
{"err":{"extensions":{"code":"BAD_USER_INPUT"},"locations":[{"column":15,"line":1}],"message":"Variable \"$id\" of required type \"ID!\" was not provided."},"level":"error","message":"Error: Variable \"$id\" of required type \"ID!\" was not provided."}
{"err":{"extensions":{"code":"BAD_USER_INPUT"},"locations":[{"column":15,"line":1}],"message":"Variable \"$id\" of required type \"ID!\" was not provided."},"level":"error","message":"Error: Variable \"$id\" of required type \"ID!\" was not provided."}
{"err":{"extensions":{"code":"BAD_USER_INPUT"},"locations":[{"column":15,"line":1}],"message":"Variable \"$id\" of required type \"ID!\" was not provided."},"level":"error","message":"Error: Variable \"$id\" of required type \"ID!\" was not provided."}
{"err":{"extensions":{"code":"BAD_USER_INPUT"},"locations":[{"column":15,"line":1}],"message":"Variable \"$id\" of required type \"ID!\" was not provided."},"level":"error","message":"Error: Variable \"$id\" of required type \"ID!\" was not provided."}
{"err":{"extensions":{"code":"BAD_USER_INPUT"},"locations":[{"column":15,"line":1}],"message":"Variable \"$id\" of required type \"ID!\" was not provided."},"level":"error","message":"Error: Variable \"$id\" of required type \"ID!\" was not provided."}
{"err":{"extensions":{"code":"BAD_USER_INPUT"},"locations":[{"column":15,"line":1}],"message":"Variable \"$id\" of required type \"ID!\" was not provided."},"level":"error","message":"Error: Variable \"$id\" of required type \"ID!\" was not provided."}
{"err":{"extensions":{"code":"BAD_USER_INPUT"},"locations":[{"column":15,"line":1}],"message":"Variable \"$id\" of required type \"ID!\" was not provided."},"level":"error","message":"Error: Variable \"$id\" of required type \"ID!\" was not provided."}
{"err":{"extensions":{"code":"BAD_USER_INPUT"},"locations":[{"column":15,"line":1}],"message":"Variable \"$id\" of required type \"ID!\" was not provided."},"level":"error","message":"Error: Variable \"$id\" of required type \"ID!\" was not provided."}
{"err":{"extensions":{"code":"BAD_USER_INPUT"},"locations":[{"column":15,"line":1}],"message":"Variable \"$id\" of required type \"ID!\" was not provided."},"level":"error","message":"Error: Variable \"$id\" of required type \"ID!\" was not provided."}
{"err":{"extensions":{"code":"BAD_USER_INPUT"},"locations":[{"column":15,"line":1}],"message":"Variable \"$id\" of required type \"ID!\" was not provided."},"level":"error","message":"Error: Variable \"$id\" of required type \"ID!\" was not provided."}
{"err":{"extensions":{"code":"BAD_USER_INPUT"},"locations":[{"column":15,"line":1}],"message":"Variable \"$id\" of required type \"ID!\" was not provided."},"level":"error","message":"Error: Variable \"$id\" of required type \"ID!\" was not provided."}
{"err":{"extensions":{"code":"BAD_USER_INPUT"},"locations":[{"column":15,"line":1}],"message":"Variable \"$id\" of required type \"ID!\" was not provided."},"level":"error","message":"Error: Variable \"$id\" of required type \"ID!\" was not provided."}
{"err":{"extensions":{"code":"BAD_USER_INPUT"},"locations":[{"column":15,"line":1}],"message":"Variable \"$id\" of required type \"ID!\" was not provided."},"level":"error","message":"Error: Variable \"$id\" of required type \"ID!\" was not provided."}
{"err":{"extensions":{"code":"BAD_USER_INPUT"},"locations":[{"column":15,"line":1}],"message":"Variable \"$id\" of required type \"ID!\" was not provided."},"level":"error","message":"Error: Variable \"$id\" of required type \"ID!\" was not provided."}
{"err":{"extensions":{"code":"BAD_USER_INPUT"},"locations":[{"column":15,"line":1}],"message":"Variable \"$id\" of required type \"ID!\" was not provided."},"level":"error","message":"Error: Variable \"$id\" of required type \"ID!\" was not provided."}
