{"level":"info","message":"Successfully : Connected to database!"}
{"level":"info","message":"Successfully : Connected to database!"}
{"level":"info","message":"Successfully : Connected to database!"}
{"level":"info","message":"Successfully : Connected to database!"}
{"level":"info","message":"Successfully : Connected to database!"}
{"level":"info","message":"Successfully : Connected to database!"}
{"level":"info","message":"Successfully : Connected to database!"}
{"level":"info","message":"Successfully : Connected to database!"}
{"level":"info","message":"Successfully : Connected to database!"}
{"level":"info","message":"Successfully : Connected to database!"}
{"level":"info","message":"Successfully : Connected to database!"}
{"level":"info","message":"Successfully : Connected to database!"}
{"level":"info","message":"Successfully : Connected to database!"}
{"level":"info","message":"Successfully : Connected to database!"}
{"level":"info","message":"Successfully : Connected to database!"}
{"level":"info","message":"Successfully : Connected to database!"}
{"level":"info","message":"Successfully : Connected to database!"}
{"level":"info","message":"Successfully : Connected to database!"}
{"level":"info","message":"Successfully : Connected to database!"}
{"level":"info","message":"Successfully : Connected to database!"}
{"level":"info","message":"Successfully : Connected to database!"}
{"level":"info","message":"Successfully : Connected to database!"}
{"err":{"extensions":{"code":"ERROR","description":{}},"locations":[{"column":3,"line":2}],"message":"TypeError: Cannot read properties of undefined (reading 'current')","path":["calcute_plan_back"]},"level":"error","message":"Error: TypeError: Cannot read properties of undefined (reading 'current')"}
{"level":"info","message":"Successfully : Connected to database!"}
{"err":{"extensions":{"code":"ERROR","description":{}},"locations":[{"column":3,"line":2}],"message":"TypeError: Cannot read properties of undefined (reading 'current')","path":["calcute_plan_back"]},"level":"error","message":"Error: TypeError: Cannot read properties of undefined (reading 'current')"}
{"level":"info","message":"Successfully : Connected to database!"}
{"level":"info","message":"Successfully : Connected to database!"}
{"level":"info","message":"Successfully : Connected to database!"}
{"err":{"extensions":{"code":"ERROR","description":{}},"locations":[{"column":3,"line":2}],"message":"TypeError: displayNames.length is not a function","path":["calcute_plan_back"]},"level":"error","message":"Error: TypeError: displayNames.length is not a function"}
{"level":"info","message":"Successfully : Connected to database!"}
{"err":{"extensions":{"code":"ERROR","description":{}},"locations":[{"column":3,"line":2}],"message":"TypeError: _ids2.length is not a function","path":["calcute_plan_back"]},"level":"error","message":"Error: TypeError: _ids2.length is not a function"}
{"level":"info","message":"Successfully : Connected to database!"}
{"level":"info","message":"Successfully : Connected to database!"}
{"level":"info","message":"Successfully : Connected to database!"}
{"level":"info","message":"Successfully : Connected to database!"}
{"level":"info","message":"Successfully : Connected to database!"}
{"level":"info","message":"Successfully : Connected to database!"}
{"level":"info","message":"Successfully : Connected to database!"}
{"level":"info","message":"Successfully : Connected to database!"}
{"level":"info","message":"Successfully : Connected to database!"}
{"level":"info","message":"Successfully : Connected to database!"}
{"level":"info","message":"Successfully : Connected to database!"}
{"level":"info","message":"Successfully : Connected to database!"}
{"level":"info","message":"Successfully : Connected to database!"}
{"level":"info","message":"Successfully : Connected to database!"}
{"level":"info","message":"Successfully : Connected to database!"}
{"level":"info","message":"Successfully : Connected to database!"}
{"level":"info","message":"Successfully : Connected to database!"}
{"level":"info","message":"Successfully : Connected to database!"}
{"level":"info","message":"Successfully : Connected to database!"}
{"level":"info","message":"Successfully : Connected to database!"}
{"level":"info","message":"Successfully : Connected to database!"}
{"level":"info","message":"Successfully : Connected to database!"}
{"level":"info","message":"Successfully : Connected to database!"}
{"level":"info","message":"Successfully : Connected to database!"}
{"level":"info","message":"Successfully : Connected to database!"}
{"level":"info","message":"Successfully : Connected to database!"}
{"err":{"extensions":{"code":"ERROR","description":{}},"locations":[{"column":3,"line":2}],"message":"ReferenceError: result is not defined","path":["calcute_plan_back"]},"level":"error","message":"Error: ReferenceError: result is not defined"}
{"level":"info","message":"Successfully : Connected to database!"}
{"level":"info","message":"Successfully : Connected to database!"}
{"err":{"extensions":{"code":"BAD_USER_INPUT"},"locations":[{"column":15,"line":1}],"message":"Variable \"$id\" of required type \"ID!\" was not provided."},"level":"error","message":"Error: Variable \"$id\" of required type \"ID!\" was not provided."}
{"level":"info","message":"Successfully : Connected to database!"}
{"err":{"extensions":{"code":"BAD_USER_INPUT"},"locations":[{"column":13,"line":1}],"message":"Variable \"$id\" of required type \"ID!\" was not provided."},"level":"error","message":"Error: Variable \"$id\" of required type \"ID!\" was not provided."}
{"level":"info","message":"Successfully : Connected to database!"}
{"level":"info","message":"Successfully : Connected to database!"}
{"err":{"extensions":{"code":"BAD_USER_INPUT"},"locations":[{"column":13,"line":1}],"message":"Variable \"$id\" of required type \"ID!\" was not provided."},"level":"error","message":"Error: Variable \"$id\" of required type \"ID!\" was not provided."}
{"err":{"extensions":{"code":"ERROR","description":{}},"locations":[{"column":3,"line":2}],"message":"","path":["order"]},"level":"error","message":"Error: "}
{"level":"info","message":"Successfully : Connected to database!"}
{"level":"info","message":"Successfully : Connected to database!"}
{"err":{"extensions":{"code":"BAD_USER_INPUT"},"locations":[{"column":13,"line":1}],"message":"Variable \"$id\" of required type \"ID!\" was not provided."},"level":"error","message":"Error: Variable \"$id\" of required type \"ID!\" was not provided."}
{"level":"info","message":"Successfully : Connected to database!"}
{"err":{"extensions":{"code":"BAD_USER_INPUT"},"locations":[{"column":13,"line":1}],"message":"Variable \"$id\" of required type \"ID!\" was not provided."},"level":"error","message":"Error: Variable \"$id\" of required type \"ID!\" was not provided."}
{"level":"info","message":"Successfully : Connected to database!"}
{"err":{"extensions":{"code":"BAD_USER_INPUT"},"locations":[{"column":13,"line":1}],"message":"Variable \"$id\" of required type \"ID!\" was not provided."},"level":"error","message":"Error: Variable \"$id\" of required type \"ID!\" was not provided."}
{"level":"info","message":"Successfully : Connected to database!"}
{"err":{"extensions":{"code":"BAD_USER_INPUT"},"locations":[{"column":13,"line":1}],"message":"Variable \"$id\" of required type \"ID!\" was not provided."},"level":"error","message":"Error: Variable \"$id\" of required type \"ID!\" was not provided."}
{"level":"info","message":"Successfully : Connected to database!"}
{"err":{"extensions":{"code":"BAD_USER_INPUT"},"locations":[{"column":13,"line":1}],"message":"Variable \"$id\" of required type \"ID!\" was not provided."},"level":"error","message":"Error: Variable \"$id\" of required type \"ID!\" was not provided."}
{"level":"info","message":"Successfully : Connected to database!"}
{"err":{"extensions":{"code":"BAD_USER_INPUT"},"locations":[{"column":13,"line":1}],"message":"Variable \"$id\" of required type \"ID!\" was not provided."},"level":"error","message":"Error: Variable \"$id\" of required type \"ID!\" was not provided."}
{"level":"info","message":"Successfully : Connected to database!"}
{"err":{"extensions":{"code":"BAD_USER_INPUT"},"locations":[{"column":13,"line":1}],"message":"Variable \"$id\" of required type \"ID!\" was not provided."},"level":"error","message":"Error: Variable \"$id\" of required type \"ID!\" was not provided."}
{"err":{"extensions":{"code":"BAD_USER_INPUT"},"locations":[{"column":13,"line":1}],"message":"Variable \"$id\" of required type \"ID!\" was not provided."},"level":"error","message":"Error: Variable \"$id\" of required type \"ID!\" was not provided."}
{"err":{"extensions":{"code":"BAD_USER_INPUT"},"locations":[{"column":13,"line":1}],"message":"Variable \"$id\" of required type \"ID!\" was not provided."},"level":"error","message":"Error: Variable \"$id\" of required type \"ID!\" was not provided."}
{"level":"info","message":"Successfully : Connected to database!"}
{"level":"info","message":"Successfully : Connected to database!"}
{"level":"info","message":"Successfully : Connected to database!"}
{"err":{"extensions":{"code":"BAD_USER_INPUT"},"locations":[{"column":13,"line":1}],"message":"Variable \"$id\" of required type \"ID!\" was not provided."},"level":"error","message":"Error: Variable \"$id\" of required type \"ID!\" was not provided."}
{"err":{"extensions":{"code":"BAD_USER_INPUT"},"locations":[{"column":13,"line":1}],"message":"Variable \"$id\" of required type \"ID!\" was not provided."},"level":"error","message":"Error: Variable \"$id\" of required type \"ID!\" was not provided."}
{"err":{"extensions":{"code":"BAD_USER_INPUT"},"locations":[{"column":13,"line":1}],"message":"Variable \"$id\" of required type \"ID!\" was not provided."},"level":"error","message":"Error: Variable \"$id\" of required type \"ID!\" was not provided."}
{"err":{"extensions":{"code":"ERROR","description":{}},"locations":[{"column":3,"line":2}],"message":"TypeError: Cannot read properties of undefined (reading 'positionId')","path":["order"]},"level":"error","message":"Error: TypeError: Cannot read properties of undefined (reading 'positionId')"}
{"level":"info","message":"Successfully : Connected to database!"}
{"level":"info","message":"Successfully : Connected to database!"}
{"level":"info","message":"Successfully : Connected to database!"}
{"err":{"extensions":{"code":"ERROR","description":{}},"locations":[{"column":3,"line":2}],"message":"TypeError: Cannot read properties of undefined (reading 'positionId')","path":["order"]},"level":"error","message":"Error: TypeError: Cannot read properties of undefined (reading 'positionId')"}
{"level":"info","message":"Successfully : Connected to database!"}
{"err":{"extensions":{"code":"ERROR","description":{}},"locations":[{"column":3,"line":2}],"message":"TypeError: Cannot read properties of undefined (reading 'positionId')","path":["order"]},"level":"error","message":"Error: TypeError: Cannot read properties of undefined (reading 'positionId')"}
{"level":"info","message":"Successfully : Connected to database!"}
{"err":{"extensions":{"code":"ERROR","description":{}},"locations":[{"column":3,"line":2}],"message":"TypeError: _pubsub.publish is not a function","path":["order"]},"level":"error","message":"Error: TypeError: _pubsub.publish is not a function"}
{"level":"info","message":"Successfully : Connected to database!"}
{"err":{"extensions":{"code":"BAD_USER_INPUT"},"locations":[{"column":13,"line":1}],"message":"Variable \"$id\" of required type \"ID!\" was not provided."},"level":"error","message":"Error: Variable \"$id\" of required type \"ID!\" was not provided."}
{"level":"info","message":"Successfully : Connected to database!"}
{"err":{"extensions":{"code":"BAD_USER_INPUT"},"locations":[{"column":13,"line":1}],"message":"Variable \"$id\" of required type \"ID!\" was not provided."},"level":"error","message":"Error: Variable \"$id\" of required type \"ID!\" was not provided."}
{"err":{"extensions":{"code":"BAD_USER_INPUT"},"locations":[{"column":13,"line":1}],"message":"Variable \"$id\" of required type \"ID!\" was not provided."},"level":"error","message":"Error: Variable \"$id\" of required type \"ID!\" was not provided."}
{"level":"info","message":"Successfully : Connected to database!"}
{"level":"info","message":"Successfully : Connected to database!"}
{"level":"info","message":"Successfully : Connected to database!"}
{"err":{"extensions":{"code":"BAD_USER_INPUT"},"locations":[{"column":13,"line":1}],"message":"Variable \"$id\" of required type \"ID!\" was not provided."},"level":"error","message":"Error: Variable \"$id\" of required type \"ID!\" was not provided."}
{"err":{"extensions":{"code":"BAD_USER_INPUT"},"locations":[{"column":13,"line":1}],"message":"Variable \"$id\" of required type \"ID!\" was not provided."},"level":"error","message":"Error: Variable \"$id\" of required type \"ID!\" was not provided."}
{"err":{"extensions":{"code":"BAD_USER_INPUT"},"locations":[{"column":13,"line":1}],"message":"Variable \"$id\" of required type \"ID!\" was not provided."},"level":"error","message":"Error: Variable \"$id\" of required type \"ID!\" was not provided."}
{"err":{"extensions":{"code":"BAD_USER_INPUT"},"locations":[{"column":13,"line":1}],"message":"Variable \"$id\" of required type \"ID!\" was not provided."},"level":"error","message":"Error: Variable \"$id\" of required type \"ID!\" was not provided."}
{"err":{"extensions":{"code":"BAD_USER_INPUT"},"locations":[{"column":13,"line":1}],"message":"Variable \"$id\" of required type \"ID!\" was not provided."},"level":"error","message":"Error: Variable \"$id\" of required type \"ID!\" was not provided."}
{"level":"info","message":"Successfully : Connected to database!"}
{"level":"info","message":"Successfully : Connected to database!"}
{"level":"info","message":"Successfully : Connected to database!"}
{"level":"info","message":"Successfully : Connected to database!"}
{"level":"info","message":"Successfully : Connected to database!"}
{"level":"info","message":"Successfully : Connected to database!"}
{"err":{"extensions":{"code":"BAD_USER_INPUT"},"locations":[{"column":13,"line":1}],"message":"Variable \"$id\" of required type \"ID!\" was not provided."},"level":"error","message":"Error: Variable \"$id\" of required type \"ID!\" was not provided."}
{"level":"info","message":"Successfully : Connected to database!"}
{"err":{"extensions":{"code":"BAD_USER_INPUT"},"locations":[{"column":13,"line":1}],"message":"Variable \"$id\" of required type \"ID!\" was not provided."},"level":"error","message":"Error: Variable \"$id\" of required type \"ID!\" was not provided."}
{"err":{"extensions":{"code":"BAD_USER_INPUT"},"locations":[{"column":13,"line":1}],"message":"Variable \"$id\" of required type \"ID!\" was not provided."},"level":"error","message":"Error: Variable \"$id\" of required type \"ID!\" was not provided."}
{"level":"info","message":"Successfully : Connected to database!"}
{"level":"info","message":"Successfully : Connected to database!"}
{"level":"info","message":"Successfully : Connected to database!"}
{"level":"info","message":"Successfully : Connected to database!"}
{"level":"info","message":"Successfully : Connected to database!"}
{"level":"info","message":"Successfully : Connected to database!"}
{"level":"info","message":"Successfully : Connected to database!"}
{"level":"info","message":"Successfully : Connected to database!"}
{"level":"info","message":"Successfully : Connected to database!"}
{"level":"info","message":"Successfully : Connected to database!"}
{"level":"info","message":"Successfully : Connected to database!"}
{"level":"info","message":"Successfully : Connected to database!"}
{"level":"info","message":"Successfully : Connected to database!"}
{"level":"info","message":"Successfully : Connected to database!"}
{"level":"info","message":"Successfully : Connected to database!"}
{"level":"info","message":"Successfully : Connected to database!"}
{"level":"info","message":"Successfully : Connected to database!"}
{"level":"info","message":"Successfully : Connected to database!"}
{"level":"info","message":"Successfully : Connected to database!"}
{"level":"info","message":"Successfully : Connected to database!"}
{"level":"info","message":"Successfully : Connected to database!"}
{"err":{"extensions":{"code":"BAD_USER_INPUT"},"locations":[{"column":14,"line":1}],"message":"Variable \"$id\" of required type \"ID!\" was not provided."},"level":"error","message":"Error: Variable \"$id\" of required type \"ID!\" was not provided."}
{"err":{"extensions":{"code":"BAD_USER_INPUT"},"locations":[{"column":13,"line":1}],"message":"Variable \"$id\" of required type \"ID!\" was not provided."},"level":"error","message":"Error: Variable \"$id\" of required type \"ID!\" was not provided."}
{"level":"info","message":"Successfully : Connected to database!"}
{"level":"info","message":"Successfully : Connected to database!"}
{"level":"info","message":"Successfully : Connected to database!"}
{"level":"info","message":"Successfully : Connected to database!"}
{"level":"info","message":"Successfully : Connected to database!"}
{"level":"info","message":"Successfully : Connected to database!"}
{"level":"info","message":"Successfully : Connected to database!"}
{"level":"info","message":"Successfully : Connected to database!"}
{"level":"info","message":"Successfully : Connected to database!"}
{"level":"info","message":"Successfully : Connected to database!"}
{"err":{"extensions":{"code":"FORCE_LOGOUT","description":{"accept":"*/*","accept-encoding":"gzip, deflate, br, zstd","accept-language":"en,th;q=0.9","apollo-require-preflight":"true","authorization":"Bearer","connection":"keep-alive","content-length":"85","content-type":"application/json","custom-authorization":"Bearer","custom-location":"{\"ancestorOrigins\":{},\"href\":\"http://localhost:5173/\",\"origin\":\"http://localhost:5173\",\"protocol\":\"http:\",\"host\":\"localhost:5173\",\"hostname\":\"localhost\",\"port\":\"5173\",\"pathname\":\"/\",\"search\":\"\",\"hash\":\"\"}","custom-x":"--1--","host":"localhost:1984","origin":"http://localhost:5173","referer":"http://localhost:5173/","sec-ch-ua":"\"Chromium\";v=\"130\", \"Google Chrome\";v=\"130\", \"Not?A_Brand\";v=\"99\"","sec-ch-ua-mobile":"?0","sec-ch-ua-platform":"\"macOS\"","sec-fetch-dest":"empty","sec-fetch-mode":"cors","sec-fetch-site":"same-site","user-agent":"Mozilla/5.0 (Macintosh; Intel Mac OS X 10_15_7) AppleWebKit/537.36 (KHTML, like Gecko) Chrome/130.0.0.0 Safari/537.36"}},"locations":[{"column":3,"line":2}],"message":"Expired!","path":["products"]},"level":"error","message":"Error: Expired!"}
{"err":{"extensions":{"code":"BAD_USER_INPUT"},"locations":[{"column":15,"line":1}],"message":"Variable \"$id\" of required type \"ID!\" was not provided."},"level":"error","message":"Error: Variable \"$id\" of required type \"ID!\" was not provided."}
{"err":{"extensions":{"code":"BAD_USER_INPUT"},"locations":[{"column":15,"line":1}],"message":"Variable \"$id\" of required type \"ID!\" was not provided."},"level":"error","message":"Error: Variable \"$id\" of required type \"ID!\" was not provided."}
{"err":{"extensions":{"code":"BAD_USER_INPUT"},"locations":[{"column":15,"line":1}],"message":"Variable \"$id\" of required type \"ID!\" was not provided."},"level":"error","message":"Error: Variable \"$id\" of required type \"ID!\" was not provided."}
