{"level":"info","message":"Successfully : Connected to database!"}
{"level":"info","message":"Successfully : Connected to database!"}
{"level":"info","message":"Successfully : Connected to database!"}
{"level":"info","message":"Successfully : Connected to database!"}
{"err":{"extensions":{"code":"ERROR","description":{}},"locations":[{"column":3,"line":2}],"message":"error","path":["order"]},"level":"error","message":"Error: error"}
{"level":"info","message":"Successfully : Connected to database!"}
{"level":"info","message":"Successfully : Connected to database!"}
{"level":"info","message":"Successfully : Connected to database!"}
{"level":"info","message":"Successfully : Connected to database!"}
{"level":"info","message":"Successfully : Connected to database!"}
{"level":"info","message":"Successfully : Connected to database!"}
{"err":{"extensions":{"code":"ERROR","description":{}},"locations":[{"column":3,"line":2}],"message":"BulkWriteError: E11000 duplicate key error collection: insurance.order index: current.owner.current.username_1 dup key: { current.owner.current.username: \"admin\" }","path":["order"]},"level":"error","message":"Error: BulkWriteError: E11000 duplicate key error collection: insurance.order index: current.owner.current.username_1 dup key: { current.owner.current.username: \"admin\" }"}
{"level":"info","message":"Successfully : Connected to database!"}
{"err":{"extensions":{"code":"ERROR","description":{}},"locations":[{"column":3,"line":2}],"message":"BulkWriteError: E11000 duplicate key error collection: insurance.order index: current.owner.current.username_1 dup key: { current.owner.current.username: \"admin\" }","path":["order"]},"level":"error","message":"Error: BulkWriteError: E11000 duplicate key error collection: insurance.order index: current.owner.current.username_1 dup key: { current.owner.current.username: \"admin\" }"}
{"level":"info","message":"Successfully : Connected to database!"}
{"err":{"extensions":{"code":"ERROR","description":{}},"locations":[{"column":3,"line":2}],"message":"BulkWriteError: E11000 duplicate key error collection: insurance.order index: current.owner.current.username_1 dup key: { current.owner.current.username: \"admin\" }","path":["order"]},"level":"error","message":"Error: BulkWriteError: E11000 duplicate key error collection: insurance.order index: current.owner.current.username_1 dup key: { current.owner.current.username: \"admin\" }"}
{"level":"info","message":"Successfully : Connected to database!"}
{"err":{"extensions":{"code":"ERROR","description":{}},"locations":[{"column":3,"line":2}],"message":"BulkWriteError: E11000 duplicate key error collection: insurance.order index: current.owner.current.username_1 dup key: { current.owner.current.username: \"admin\" }","path":["order"]},"level":"error","message":"Error: BulkWriteError: E11000 duplicate key error collection: insurance.order index: current.owner.current.username_1 dup key: { current.owner.current.username: \"admin\" }"}
{"level":"info","message":"Successfully : Connected to database!"}
{"level":"info","message":"Successfully : Connected to database!"}
{"level":"info","message":"Successfully : Connected to database!"}
{"level":"info","message":"Successfully : Connected to database!"}
{"level":"info","message":"Successfully : Connected to database!"}
{"level":"info","message":"Successfully : Connected to database!"}
{"level":"info","message":"Successfully : Connected to database!"}
{"level":"info","message":"Successfully : Connected to database!"}
{"level":"info","message":"Successfully : Connected to database!"}
{"level":"info","message":"Successfully : Connected to database!"}
{"level":"info","message":"Successfully : Connected to database!"}
{"err":{"extensions":{"code":"ERROR","description":{}},"locations":[{"column":3,"line":2}],"message":"BulkWriteError: E11000 duplicate key error collection: insurance.order index: current.owner.current.username_1 dup key: { current.owner.current.username: null }","path":["order"]},"level":"error","message":"Error: BulkWriteError: E11000 duplicate key error collection: insurance.order index: current.owner.current.username_1 dup key: { current.owner.current.username: null }"}
{"err":{"extensions":{"code":"ERROR","description":{}},"locations":[{"column":3,"line":2}],"message":"BulkWriteError: E11000 duplicate key error collection: insurance.order index: current.owner.current.username_1 dup key: { current.owner.current.username: null }","path":["order"]},"level":"error","message":"Error: BulkWriteError: E11000 duplicate key error collection: insurance.order index: current.owner.current.username_1 dup key: { current.owner.current.username: null }"}
{"level":"info","message":"Successfully : Connected to database!"}
{"level":"info","message":"Successfully : Connected to database!"}
{"err":{"extensions":{"code":"ERROR","description":{}},"locations":[{"column":3,"line":2}],"message":"BulkWriteError: E11000 duplicate key error collection: insurance.order index: current.owner.current.username_1 dup key: { current.owner.current.username: null }","path":["order"]},"level":"error","message":"Error: BulkWriteError: E11000 duplicate key error collection: insurance.order index: current.owner.current.username_1 dup key: { current.owner.current.username: null }"}
{"err":{"extensions":{"code":"ERROR","description":{}},"locations":[{"column":3,"line":2}],"message":"BulkWriteError: E11000 duplicate key error collection: insurance.order index: current.owner.current.username_1 dup key: { current.owner.current.username: null }","path":["order"]},"level":"error","message":"Error: BulkWriteError: E11000 duplicate key error collection: insurance.order index: current.owner.current.username_1 dup key: { current.owner.current.username: null }"}
{"level":"info","message":"Successfully : Connected to database!"}
{"level":"info","message":"Successfully : Connected to database!"}
{"level":"info","message":"Successfully : Connected to database!"}
{"level":"info","message":"Successfully : Connected to database!"}
{"err":{"extensions":{"code":"ERROR","description":{}},"locations":[{"column":3,"line":2}],"message":"BulkWriteError: E11000 duplicate key error collection: insurance.order index: current.owner.current.username_1 dup key: { current.owner.current.username: null }","path":["order"]},"level":"error","message":"Error: BulkWriteError: E11000 duplicate key error collection: insurance.order index: current.owner.current.username_1 dup key: { current.owner.current.username: null }"}
{"level":"info","message":"Successfully : Connected to database!"}
{"level":"info","message":"Successfully : Connected to database!"}
{"level":"info","message":"Successfully : Connected to database!"}
{"level":"info","message":"Successfully : Connected to database!"}
{"err":{"extensions":{"code":"ERROR","description":{}},"locations":[{"column":3,"line":2}],"message":"BulkWriteError: E11000 duplicate key error collection: insurance.order index: current.owner.current.username_1 dup key: { current.owner.current.username: null }","path":["order"]},"level":"error","message":"Error: BulkWriteError: E11000 duplicate key error collection: insurance.order index: current.owner.current.username_1 dup key: { current.owner.current.username: null }"}
{"level":"info","message":"Successfully : Connected to database!"}
{"level":"info","message":"Successfully : Connected to database!"}
{"err":{"extensions":{"code":"ERROR","description":{}},"locations":[{"column":3,"line":2}],"message":"BulkWriteError: E11000 duplicate key error collection: insurance.order index: current.owner.current.username_1 dup key: { current.owner.current.username: null }","path":["order"]},"level":"error","message":"Error: BulkWriteError: E11000 duplicate key error collection: insurance.order index: current.owner.current.username_1 dup key: { current.owner.current.username: null }"}
{"err":{"extensions":{"code":"ERROR","description":{}},"locations":[{"column":3,"line":2}],"message":"BulkWriteError: E11000 duplicate key error collection: insurance.order index: current.owner.current.username_1 dup key: { current.owner.current.username: null }","path":["order"]},"level":"error","message":"Error: BulkWriteError: E11000 duplicate key error collection: insurance.order index: current.owner.current.username_1 dup key: { current.owner.current.username: null }"}
{"level":"info","message":"Successfully : Connected to database!"}
{"err":{"extensions":{"code":"ERROR","description":{}},"locations":[{"column":3,"line":2}],"message":"BulkWriteError: E11000 duplicate key error collection: insurance.order index: current.owner.current.username_1 dup key: { current.owner.current.username: null }","path":["order"]},"level":"error","message":"Error: BulkWriteError: E11000 duplicate key error collection: insurance.order index: current.owner.current.username_1 dup key: { current.owner.current.username: null }"}
{"level":"info","message":"Successfully : Connected to database!"}
{"err":{"extensions":{"code":"ERROR","description":{}},"locations":[{"column":3,"line":2}],"message":"BulkWriteError: E11000 duplicate key error collection: insurance.order index: current.owner.current.username_1 dup key: { current.owner.current.username: null }","path":["order"]},"level":"error","message":"Error: BulkWriteError: E11000 duplicate key error collection: insurance.order index: current.owner.current.username_1 dup key: { current.owner.current.username: null }"}
{"level":"info","message":"Successfully : Connected to database!"}
{"err":{"extensions":{"code":"ERROR","description":{}},"locations":[{"column":3,"line":2}],"message":"BulkWriteError: E11000 duplicate key error collection: insurance.order index: current.owner.current.username_1 dup key: { current.owner.current.username: null }","path":["order"]},"level":"error","message":"Error: BulkWriteError: E11000 duplicate key error collection: insurance.order index: current.owner.current.username_1 dup key: { current.owner.current.username: null }"}
{"level":"info","message":"Successfully : Connected to database!"}
{"err":{"extensions":{"code":"BAD_USER_INPUT"},"locations":[{"column":15,"line":1}],"message":"Variable \"$id\" of required type \"ID!\" was not provided."},"level":"error","message":"Error: Variable \"$id\" of required type \"ID!\" was not provided."}
