{"level":"info","message":"Successfully : Connected to database!"}
{"level":"info","message":"Successfully : Connected to database!"}
{"err":{"extensions":{"code":"FORCE_LOGOUT","description":{"accept":"*/*","accept-encoding":"gzip, deflate, br, zstd","accept-language":"en,th;q=0.9","apollo-require-preflight":"true","authorization":"Bearer U2FsdGVkX1/QKlP7OByu0ObmJoamIItv5z0VqXUhXXzMWZuNolq5tNkMw8T7B9qG","connection":"keep-alive","content-length":"88","content-type":"application/json","custom-authorization":"Bearer U2FsdGVkX1/QKlP7OByu0ObmJoamIItv5z0VqXUhXXzMWZuNolq5tNkMw8T7B9qG","custom-location":"{\"ancestorOrigins\":{},\"href\":\"http://localhost:5173/profile\",\"origin\":\"http://localhost:5173\",\"protocol\":\"http:\",\"host\":\"localhost:5173\",\"hostname\":\"localhost\",\"port\":\"5173\",\"pathname\":\"/profile\",\"search\":\"\",\"hash\":\"\"}","custom-x":"--1-- U2FsdGVkX1/QKlP7OByu0ObmJoamIItv5z0VqXUhXXzMWZuNolq5tNkMw8T7B9qG","host":"localhost:1984","origin":"http://localhost:5173","referer":"http://localhost:5173/","sec-ch-ua":"\"Chromium\";v=\"130\", \"Google Chrome\";v=\"130\", \"Not?A_Brand\";v=\"99\"","sec-ch-ua-mobile":"?0","sec-ch-ua-platform":"\"macOS\"","sec-fetch-dest":"empty","sec-fetch-mode":"cors","sec-fetch-site":"same-site","user-agent":"Mozilla/5.0 (Macintosh; Intel Mac OS X 10_15_7) AppleWebKit/537.36 (KHTML, like Gecko) Chrome/130.0.0.0 Safari/537.36"}},"locations":[{"column":3,"line":2}],"message":"Expired!","path":["positions"]},"level":"error","message":"Error: Expired!"}
{"err":{"locations":[{"column":3,"line":2}],"message":"Operation `member.findOne()` buffering timed out after 10000ms","path":["login"]},"level":"error","message":"Error: Operation `member.findOne()` buffering timed out after 10000ms"}
{"err":{"locations":[{"column":3,"line":2}],"message":"Operation `member.findOne()` buffering timed out after 10000ms","path":["login"]},"level":"error","message":"Error: Operation `member.findOne()` buffering timed out after 10000ms"}
{"level":"error","message":"Error : Connection to database :"}
{"level":"info","message":"Successfully : Connected to database!"}
{"err":{"extensions":{"code":"ERROR","description":{}},"locations":[{"column":3,"line":2}],"message":"ReferenceError: calculatePB is not defined","path":["calcute_plan_back"]},"level":"error","message":"Error: ReferenceError: calculatePB is not defined"}
{"err":{"extensions":{"code":"ERROR","description":{}},"locations":[{"column":3,"line":2}],"message":"ReferenceError: calculatePB is not defined","path":["calcute_plan_back"]},"level":"error","message":"Error: ReferenceError: calculatePB is not defined"}
{"level":"info","message":"Successfully : Connected to database!"}
{"level":"info","message":"Successfully : Connected to database!"}
{"level":"info","message":"Successfully : Connected to database!"}
{"level":"info","message":"Successfully : Connected to database!"}
{"level":"info","message":"Successfully : Connected to database!"}
{"level":"info","message":"Successfully : Connected to database!"}
{"level":"info","message":"Successfully : Connected to database!"}
{"level":"info","message":"Successfully : Connected to database!"}
{"level":"info","message":"Successfully : Connected to database!"}
{"level":"info","message":"Successfully : Connected to database!"}
{"level":"info","message":"Successfully : Connected to database!"}
{"level":"info","message":"Successfully : Connected to database!"}
{"level":"info","message":"Successfully : Connected to database!"}
{"level":"info","message":"Successfully : Connected to database!"}
{"level":"info","message":"Successfully : Connected to database!"}
{"level":"info","message":"Successfully : Connected to database!"}
{"level":"info","message":"Successfully : Connected to database!"}
{"err":{"extensions":{"code":"ERROR","description":{}},"locations":[{"column":3,"line":2}],"message":"TypeError: i.ownerId.isEqual is not a function","path":["calcute_plan_back"]},"level":"error","message":"Error: TypeError: i.ownerId.isEqual is not a function"}
{"level":"info","message":"Successfully : Connected to database!"}
{"level":"info","message":"Successfully : Connected to database!"}
{"level":"info","message":"Successfully : Connected to database!"}
{"level":"info","message":"Successfully : Connected to database!"}
{"level":"info","message":"Successfully : Connected to database!"}
{"level":"info","message":"Successfully : Connected to database!"}
{"level":"info","message":"Successfully : Connected to database!"}
{"level":"info","message":"Successfully : Connected to database!"}
{"level":"info","message":"Successfully : Connected to database!"}
{"level":"info","message":"Successfully : Connected to database!"}
{"level":"info","message":"Successfully : Connected to database!"}
{"level":"info","message":"Successfully : Connected to database!"}
{"level":"info","message":"Successfully : Connected to database!"}
{"level":"info","message":"Successfully : Connected to database!"}
{"level":"info","message":"Successfully : Connected to database!"}
{"level":"info","message":"Successfully : Connected to database!"}
{"level":"info","message":"Successfully : Connected to database!"}
{"level":"info","message":"Successfully : Connected to database!"}
{"level":"info","message":"Successfully : Connected to database!"}
{"level":"info","message":"Successfully : Connected to database!"}
{"level":"info","message":"Successfully : Connected to database!"}
{"level":"info","message":"Successfully : Connected to database!"}
{"level":"info","message":"Successfully : Connected to database!"}
{"level":"info","message":"Successfully : Connected to database!"}
{"level":"info","message":"Successfully : Connected to database!"}
{"level":"info","message":"Successfully : Connected to database!"}
{"level":"info","message":"Successfully : Connected to database!"}
{"level":"info","message":"Successfully : Connected to database!"}
{"level":"info","message":"Successfully : Connected to database!"}
{"level":"info","message":"Successfully : Connected to database!"}
{"level":"info","message":"Successfully : Connected to database!"}
{"level":"info","message":"Successfully : Connected to database!"}
{"level":"info","message":"Successfully : Connected to database!"}
{"level":"info","message":"Successfully : Connected to database!"}
{"level":"info","message":"Successfully : Connected to database!"}
{"level":"info","message":"Successfully : Connected to database!"}
{"level":"info","message":"Successfully : Connected to database!"}
{"level":"info","message":"Successfully : Connected to database!"}
{"level":"info","message":"Successfully : Connected to database!"}
{"level":"info","message":"Successfully : Connected to database!"}
{"level":"info","message":"Successfully : Connected to database!"}
{"level":"info","message":"Successfully : Connected to database!"}
{"level":"info","message":"Successfully : Connected to database!"}
{"level":"info","message":"Successfully : Connected to database!"}
{"level":"info","message":"Successfully : Connected to database!"}
{"level":"info","message":"Successfully : Connected to database!"}
{"level":"info","message":"Successfully : Connected to database!"}
{"level":"info","message":"Successfully : Connected to database!"}
{"level":"info","message":"Successfully : Connected to database!"}
{"level":"info","message":"Successfully : Connected to database!"}
{"level":"info","message":"Successfully : Connected to database!"}
{"level":"info","message":"Successfully : Connected to database!"}
{"level":"info","message":"Successfully : Connected to database!"}
{"err":{"extensions":{"code":"ERROR","description":{}},"locations":[{"column":3,"line":2}],"message":"TypeError: Cannot read properties of undefined (reading 'toString')","path":["calcute_plan_back"]},"level":"error","message":"Error: TypeError: Cannot read properties of undefined (reading 'toString')"}
{"level":"info","message":"Successfully : Connected to database!"}
{"level":"info","message":"Successfully : Connected to database!"}
{"level":"info","message":"Successfully : Connected to database!"}
{"err":{"extensions":{"code":"ERROR","description":{}},"locations":[{"column":3,"line":2}],"message":"TypeError: Cannot read properties of undefined (reading 'toString')","path":["calcute_plan_back"]},"level":"error","message":"Error: TypeError: Cannot read properties of undefined (reading 'toString')"}
{"level":"info","message":"Successfully : Connected to database!"}
{"level":"info","message":"Successfully : Connected to database!"}
{"level":"info","message":"Successfully : Connected to database!"}
{"level":"info","message":"Successfully : Connected to database!"}
{"level":"info","message":"Successfully : Connected to database!"}
{"level":"info","message":"Successfully : Connected to database!"}
{"level":"info","message":"Successfully : Connected to database!"}
{"err":{"extensions":{"code":"BAD_USER_INPUT"},"locations":[{"column":15,"line":1}],"message":"Variable \"$id\" of required type \"ID!\" was not provided."},"level":"error","message":"Error: Variable \"$id\" of required type \"ID!\" was not provided."}
{"level":"info","message":"Successfully : Connected to database!"}
